apps/api/src/core/auth.ts(2,20): error TS2307: Cannot find module 'bcryptjs' or its corresponding type declarations.
apps/api/src/core/auth.ts(18,5): error TS2717: Subsequent property declarations must have the same type.  Property 'user' must be of type 'string | object | Buffer<ArrayBufferLike>', but here has type 'JWTPayload'.
apps/api/src/lib/prisma.ts(27,36): error TS2339: Property 'auditLog' does not exist on type 'PrismaClient<{ log: ("warn" | "error")[]; }, never, DefaultArgs>'.
apps/api/src/lib/prisma.ts(52,20): error TS2339: Property 'auditLog' does not exist on type 'PrismaClient<{ log: ("warn" | "error")[]; }, never, DefaultArgs>'.
apps/api/src/modules/audit/service.ts(3,10): error TS2305: Module '"../../core/rls.js"' has no exported member 'TenantContext'.
apps/api/src/modules/audit/service.ts(13,31): error TS2339: Property 'auditLog' does not exist on type 'PrismaClient<{ log: ("warn" | "error")[]; }, never, DefaultArgs>'.
apps/api/src/modules/audit/service.ts(85,14): error TS2339: Property 'auditLog' does not exist on type 'PrismaClient<{ log: ("warn" | "error")[]; }, never, DefaultArgs>'.
apps/api/src/modules/audit/service.ts(95,14): error TS2339: Property 'auditLog' does not exist on type 'PrismaClient<{ log: ("warn" | "error")[]; }, never, DefaultArgs>'.
apps/api/src/modules/audit/service.ts(104,14): error TS2339: Property 'phaseHistory' does not exist on type 'PrismaClient<{ log: ("warn" | "error")[]; }, never, DefaultArgs>'.
apps/api/src/modules/audit/service.ts(108,14): error TS2339: Property 'auditLog' does not exist on type 'PrismaClient<{ log: ("warn" | "error")[]; }, never, DefaultArgs>'.
apps/api/src/modules/audit/service.ts(134,20): error TS7006: Parameter 'p' implicitly has an 'any' type.
apps/api/src/modules/audit/service.ts(144,20): error TS7006: Parameter 'a' implicitly has an 'any' type.
apps/api/src/modules/audit/service.ts(157,23): error TS7006: Parameter 'd' implicitly has an 'any' type.
apps/api/src/modules/audit/service.ts(166,21): error TS7006: Parameter 'f' implicitly has an 'any' type.
apps/api/src/modules/audit/service.ts(192,27): error TS7006: Parameter 'l' implicitly has an 'any' type.
apps/api/src/modules/audit/service.ts(201,46): error TS7006: Parameter 'v' implicitly has an 'any' type.
apps/api/src/modules/client/client.service.ts(2,18): error TS2305: Module '"../../core/prisma.js"' has no exported member 'withAuditContext'.
apps/api/src/modules/client/client.service.ts(257,15): error TS2322: Type 'Record<string, unknown> | undefined' is not assignable to type 'InputJsonValue | NullableJsonNullValueInput | undefined'.
  Type 'Record<string, unknown>' is not assignable to type 'InputJsonValue | NullableJsonNullValueInput | undefined'.
    Type 'Record<string, unknown>' is missing the following properties from type 'readonly (InputJsonValue | null)[]': length, concat, join, slice, and 26 more.
apps/api/src/modules/client/client.service.ts(258,15): error TS2322: Type '{ contactPhones: { ddd?: string; numero?: string; }[]; cnpjAnalysis: CnpjAnalysisInput | null; apiValidated: boolean; }' is not assignable to type 'InputJsonValue | JsonNull | undefined'.
  Types of property 'cnpjAnalysis' are incompatible.
    Type 'CnpjAnalysisInput | null' is not assignable to type 'InputJsonValue | null | undefined'.
      Type 'CnpjAnalysisInput' is not assignable to type 'InputJsonValue | null | undefined'.
        Type 'CnpjAnalysisInput' is not assignable to type 'InputJsonObject'.
          Property 'leisHabilitadas' is incompatible with index signature.
            Type 'unknown[]' is not assignable to type 'InputJsonValue | null | undefined'.
              Type 'unknown[]' is not assignable to type 'InputJsonObject'.
                Index signature for type 'string' is missing in type 'unknown[]'.
apps/api/src/modules/client/client.service.ts(418,11): error TS2322: Type 'JsonValue' is not assignable to type 'InputJsonValue | JsonNull'.
  Type 'null' is not assignable to type 'InputJsonValue | JsonNull'.
apps/api/src/modules/client/client.service.ts(419,11): error TS2322: Type 'JsonValue' is not assignable to type 'InputJsonValue | NullableJsonNullValueInput | undefined'.
  Type 'null' is not assignable to type 'InputJsonValue | NullableJsonNullValueInput | undefined'.
apps/api/src/modules/client/client.service.ts(455,19): error TS2367: This comparison appears to be unintentional because the types '"api" | "local-cache"' and '"demo"' have no overlap.
apps/api/src/modules/client/client.service.ts(458,11): error TS2322: Type 'LookupPayload' is not assignable to type 'InputJsonValue | JsonNull'.
  Type 'LookupPayload' is not assignable to type 'InputJsonObject'.
    Index signature for type 'string' is missing in type 'LookupPayload'.
apps/api/src/modules/client/client.service.ts(459,11): error TS2322: Type 'IncentiveAnalysisResult' is not assignable to type 'InputJsonValue | NullableJsonNullValueInput | undefined'.
  Type 'IncentiveAnalysisResult' is not assignable to type 'InputJsonObject'.
    Index signature for type 'string' is missing in type 'IncentiveAnalysisResult'.
apps/api/src/modules/client/client.service.ts(479,13): error TS2322: Type 'JsonValue' is not assignable to type 'InputJsonValue | JsonNull'.
  Type 'null' is not assignable to type 'InputJsonValue | JsonNull'.
apps/api/src/modules/client/client.service.ts(480,13): error TS2322: Type 'JsonValue' is not assignable to type 'InputJsonValue | NullableJsonNullValueInput | undefined'.
  Type 'null' is not assignable to type 'InputJsonValue | NullableJsonNullValueInput | undefined'.
apps/api/src/modules/client/routes.ts(7,48): error TS2339: Property 'authorize' does not exist on type 'FastifyInstance<RawServerDefault, IncomingMessage, ServerResponse<IncomingMessage>, FastifyBaseLogger, FastifyTypeProviderDefault>'.
apps/api/src/modules/client/routes.ts(21,48): error TS2339: Property 'authorize' does not exist on type 'FastifyInstance<RawServerDefault, IncomingMessage, ServerResponse<IncomingMessage>, FastifyBaseLogger, FastifyTypeProviderDefault>'.
apps/api/src/modules/client/routes.ts(41,48): error TS2339: Property 'authorize' does not exist on type 'FastifyInstance<RawServerDefault, IncomingMessage, ServerResponse<IncomingMessage>, FastifyBaseLogger, FastifyTypeProviderDefault>'.
apps/api/src/modules/events/index.ts(94,32): error TS18047: 'project.client' is possibly 'null'.
apps/api/src/modules/phase/phase.engine.ts(30,9): error TS2353: Object literal may only specify known properties, and '_count' does not exist in type 'ProjectInclude<InternalArgs & { result: {}; model: {}; query: {}; client: {}; }> | { organization?: Exact<boolean | OrganizationDefaultArgs<InternalArgs & { result: {}; model: {}; query: {}; client: {}; }> | undefined, boolean | ... 1 more ... | undefined>; client?: Exact<...>; }'.
apps/api/src/modules/phase/service.ts(4,10): error TS2305: Module '"../../core/rls.js"' has no exported member 'TenantContext'.
apps/api/src/modules/phase/service.ts(127,19): error TS2339: Property 'phaseHistory' does not exist on type 'PrismaClient<{ log: ("warn" | "error")[]; }, never, DefaultArgs>'.
apps/api/src/modules/phase/service.ts(141,9): error TS2353: Object literal may only specify known properties, and 'phaseHistory' does not exist in type 'ProjectSelect<DefaultArgs>'.
apps/api/src/modules/phase/service.ts(152,9): error TS2339: Property 'phaseHistory' does not exist on type '{ id: string; createdAt: Date; updatedAt: Date; deletedAt: Date | null; organizationId: string; version: number; clientId: string | null; code: string; title: string; description: string; ... 12 more ...; lastEventAt: Date; }'.
apps/api/src/modules/phase/service.ts(152,31): error TS7006: Parameter 'h' implicitly has an 'any' type.
apps/api/src/modules/phase/service.ts(152,34): error TS7006: Parameter 'idx' implicitly has an 'any' type.
apps/api/src/modules/phase/service.ts(153,24): error TS2339: Property 'phaseHistory' does not exist on type '{ id: string; createdAt: Date; updatedAt: Date; deletedAt: Date | null; organizationId: string; version: number; clientId: string | null; code: string; title: string; description: string; ... 12 more ...; lastEventAt: Date; }'.
apps/api/src/modules/project/project.service.ts(311,9): error TS2353: Object literal may only specify known properties, and '_count' does not exist in type 'ProjectInclude<InternalArgs & { result: {}; model: {}; query: {}; client: {}; }>'.
apps/api/src/modules/project/project.service.ts(367,11): error TS2353: Object literal may only specify known properties, and 'documents' does not exist in type 'ProjectInclude<InternalArgs & { result: {}; model: {}; query: {}; client: {}; }>'.
apps/api/src/modules/project/service.ts(2,18): error TS2305: Module '"../../core/prisma.js"' has no exported member 'withTransaction'.
apps/api/src/modules/project/service.ts(4,15): error TS2305: Module '"../../core/rls.js"' has no exported member 'TenantContext'.
apps/api/src/modules/project/service.ts(40,14): error TS2339: Property 'forProjectAccess' does not exist on type 'typeof RLS'.
apps/api/src/modules/project/service.ts(58,11): error TS2353: Object literal may only specify known properties, and '_count' does not exist in type 'ProjectInclude<DefaultArgs>'.
apps/api/src/modules/project/service.ts(82,18): error TS2339: Property 'forProjectAccess' does not exist on type 'typeof RLS'.
apps/api/src/modules/project/service.ts(85,9): error TS2353: Object literal may only specify known properties, and 'phaseHistory' does not exist in type 'ProjectInclude<DefaultArgs>'.
apps/api/src/modules/project/service.ts(105,24): error TS2339: Property 'funding' does not exist on type '{ id: string; createdAt: Date; updatedAt: Date; deletedAt: Date | null; organizationId: string; version: number; clientId: string | null; code: string; title: string; description: string; ... 12 more ...; lastEventAt: Date; }'.
apps/api/src/modules/project/service.ts(105,36): error TS7006: Parameter 'f' implicitly has an 'any' type.
apps/api/src/modules/project/service.ts(124,35): error TS7006: Parameter 'tx' implicitly has an 'any' type.
apps/api/src/modules/project/service.ts(180,18): error TS2339: Property 'forProjectAccess' does not exist on type 'typeof RLS'.
apps/api/src/modules/project/service.ts(181,18): error TS2353: Object literal may only specify known properties, and '_count' does not exist in type 'ProjectInclude<DefaultArgs>'.
apps/api/src/modules/project/service.ts(188,7): error TS2345: Argument of type '{ documentsCount: any; id: string; createdAt: Date; updatedAt: Date; deletedAt: Date | null; organizationId: string; version: number; clientId: string | null; code: string; title: string; ... 13 more ...; lastEventAt: Date; }' is not assignable to parameter of type 'ProjectForValidation'.
  Types of property 'valueRequested' are incompatible.
    Type 'Decimal | null' is not assignable to type 'number | null | undefined'.
      Type 'Decimal' is not assignable to type 'number'.
apps/api/src/modules/project/service.ts(190,33): error TS2339: Property '_count' does not exist on type '{ id: string; createdAt: Date; updatedAt: Date; deletedAt: Date | null; organizationId: string; version: number; clientId: string | null; code: string; title: string; description: string; ... 12 more ...; lastEventAt: Date; }'.
apps/api/src/modules/project/service.ts(202,35): error TS7006: Parameter 'tx' implicitly has an 'any' type.
apps/api/src/modules/project/service.ts(272,18): error TS2339: Property 'forProjectAccess' does not exist on type 'typeof RLS'.
apps/api/src/server.ts(65,5): error TS2717: Subsequent property declarations must have the same type.  Property 'user' must be of type 'string | object | Buffer<ArrayBufferLike>', but here has type '{ userId: string; organizationId: string; role: string; email: string; }'.
apps/api/src/server.ts(186,13): error TS2339: Property 'organizationId' does not exist on type 'string | object | Buffer<ArrayBufferLike>'.
apps/api/src/server.ts(215,53): error TS2339: Property 'authorize' does not exist on type 'FastifyInstance<Server<typeof IncomingMessage, typeof ServerResponse>, IncomingMessage, ServerResponse<IncomingMessage>, FastifyBaseLogger, FastifyTypeProviderDefault> & PromiseLike<...>'.
apps/api/src/server.ts(220,13): error TS2339: Property 'organizationId' does not exist on type 'string | object | Buffer<ArrayBufferLike>'.
apps/api/src/server.ts(220,29): error TS2339: Property 'userId' does not exist on type 'string | object | Buffer<ArrayBufferLike>'.
apps/api/src/server.ts(243,13): error TS2339: Property 'organizationId' does not exist on type 'string | object | Buffer<ArrayBufferLike>'.
apps/api/src/server.ts(256,53): error TS2339: Property 'authorize' does not exist on type 'FastifyInstance<Server<typeof IncomingMessage, typeof ServerResponse>, IncomingMessage, ServerResponse<IncomingMessage>, FastifyBaseLogger, FastifyTypeProviderDefault> & PromiseLike<...>'.
apps/api/src/server.ts(265,13): error TS2339: Property 'organizationId' does not exist on type 'string | object | Buffer<ArrayBufferLike>'.
apps/api/src/server.ts(265,29): error TS2339: Property 'userId' does not exist on type 'string | object | Buffer<ArrayBufferLike>'.
apps/api/src/server.ts(285,53): error TS2339: Property 'authorize' does not exist on type 'FastifyInstance<Server<typeof IncomingMessage, typeof ServerResponse>, IncomingMessage, ServerResponse<IncomingMessage>, FastifyBaseLogger, FastifyTypeProviderDefault> & PromiseLike<...>'.
apps/api/src/server.ts(294,13): error TS2339: Property 'organizationId' does not exist on type 'string | object | Buffer<ArrayBufferLike>'.
apps/api/src/server.ts(294,29): error TS2339: Property 'userId' does not exist on type 'string | object | Buffer<ArrayBufferLike>'.
apps/api/src/server.ts(322,13): error TS2339: Property 'organizationId' does not exist on type 'string | object | Buffer<ArrayBufferLike>'.
apps/api/src/server.ts(331,53): error TS2339: Property 'authorize' does not exist on type 'FastifyInstance<Server<typeof IncomingMessage, typeof ServerResponse>, IncomingMessage, ServerResponse<IncomingMessage>, FastifyBaseLogger, FastifyTypeProviderDefault> & PromiseLike<...>'.
apps/api/src/server.ts(351,13): error TS2339: Property 'organizationId' does not exist on type 'string | object | Buffer<ArrayBufferLike>'.
apps/api/src/server.ts(404,38): error TS2345: Argument of type 'PrismaClient<{ log: ("warn" | "error")[]; }, never, DefaultArgs>' is not assignable to parameter of type 'DynamicClientExtensionThis<TypeMap<InternalArgs & { result: {}; model: {}; query: {}; client: {}; }, PrismaClientOptions>, TypeMapCb, { result: {}; model: {}; query: {}; client: {}; }, {}>'.
  Type 'PrismaClient<{ log: ("warn" | "error")[]; }, never, DefaultArgs>' is not assignable to type '{ organization: DynamicModelExtensionThis<TypeMap<InternalArgs & { result: {}; model: {}; query: {}; client: {}; }, PrismaClientOptions>, "Organization", { result: {}; model: {}; query: {}; client: {}; }, {}>; ... 12 more ...; cnpjLookup: DynamicModelExtensionThis<...>; }'.
    Types of property 'organization' are incompatible.
      Type 'OrganizationDelegate<DefaultArgs>' is not assignable to type 'DynamicModelExtensionThis<TypeMap<InternalArgs & { result: {}; model: {}; query: {}; client: {}; }, PrismaClientOptions>, "Organization", { result: {}; model: {}; query: {}; client: {}; }, {}>'.
        Type 'OrganizationDelegate<DefaultArgs>' is not assignable to type '{ findUnique: <A extends OrganizationFindUniqueArgs<InternalArgs & { result: {}; model: {}; query: {}; client: {}; }>>(args: Exact<A, OrganizationFindUniqueArgs<InternalArgs & { ...; }>>) => DynamicModelExtensionFluentApi<...> & PrismaPromise<...>; ... 14 more ...; count: <A extends OrganizationCountArgs<...>>(args?...'.
          Types of property 'findUnique' are incompatible.
            Type '<T extends OrganizationFindUniqueArgs>(args: SelectSubset<T, OrganizationFindUniqueArgs<DefaultArgs>>) => Prisma__OrganizationClient<GetFindResult<$OrganizationPayload<DefaultArgs>, T, {}> | null, null, DefaultArgs>' is not assignable to type '<A extends OrganizationFindUniqueArgs<InternalArgs & { result: {}; model: {}; query: {}; client: {}; }>>(args: Exact<A, OrganizationFindUniqueArgs<InternalArgs & { ...; }>>) => DynamicModelExtensionFluentApi<...> & PrismaPromise<...>'.
              Types of parameters 'args' and 'args' are incompatible.
                Type 'Exact<A, OrganizationFindUniqueArgs<InternalArgs & { result: {}; model: {}; query: {}; client: {}; }>>' is not assignable to type '{ select?: OrganizationSelect<DefaultArgs> | null | undefined; include?: OrganizationInclude<DefaultArgs> | null | undefined; where: OrganizationWhereUniqueInput; }'.
                  Type 'A extends unknown ? OrganizationFindUniqueArgs<InternalArgs & { result: {}; model: {}; query: {}; client: {}; }> extends A ? { [K in keyof A]: Exact<...>; } : OrganizationFindUniqueArgs<...> : never' is not assignable to type '{ select?: OrganizationSelect<DefaultArgs> | null | undefined; include?: OrganizationInclude<DefaultArgs> | null | undefined; where: OrganizationWhereUniqueInput; }'.
                    Type '{ select?: Exact<OrganizationSelect<InternalArgs & { result: {}; model: {}; query: {}; client: {}; }> | null | undefined, OrganizationSelect<InternalArgs & { ...; }> | null | undefined>; include?: Exact<...>; where: Exact<...>; }' is not assignable to type '{ select?: OrganizationSelect<DefaultArgs> | null | undefined; include?: OrganizationInclude<DefaultArgs> | null | undefined; where: OrganizationWhereUniqueInput; }'.
                      Types of property 'select' are incompatible.
                        Type 'Exact<OrganizationSelect<InternalArgs & { result: {}; model: {}; query: {}; client: {}; }> | null | undefined, OrganizationSelect<InternalArgs & { ...; }> | null | undefined>' is not assignable to type 'OrganizationSelect<DefaultArgs> | null | undefined'.
                          Type '{ id?: Exact<boolean | undefined, boolean | undefined>; name?: Exact<boolean | undefined, boolean | undefined>; cnpj?: Exact<boolean | undefined, boolean | undefined>; ... 11 more ...; _count?: Exact<...>; }' is not assignable to type 'OrganizationSelect<DefaultArgs>'.
                            Types of property 'users' are incompatible.
                              Type 'Exact<boolean | Organization$usersArgs<InternalArgs & { result: {}; model: {}; query: {}; client: {}; }> | undefined, boolean | Organization$usersArgs<InternalArgs & { ...; }> | undefined>' is not assignable to type 'boolean | Organization$usersArgs<DefaultArgs> | undefined'.
                                Type '{ select?: Exact<UserSelect<InternalArgs & { result: {}; model: {}; query: {}; client: {}; }> | null | undefined, UserSelect<InternalArgs & { result: {}; model: {}; query: {}; client: {}; }> | null | undefined>; ... 6 more ...; distinct?: Exact<...>; }' is not assignable to type 'boolean | Organization$usersArgs<DefaultArgs> | undefined'.
                                  Type '{ select?: Exact<UserSelect<InternalArgs & { result: {}; model: {}; query: {}; client: {}; }> | null | undefined, UserSelect<InternalArgs & { result: {}; model: {}; query: {}; client: {}; }> | null | undefined>; ... 6 more ...; distinct?: Exact<...>; }' is not assignable to type 'Organization$usersArgs<DefaultArgs>'.
                                    Types of property 'select' are incompatible.
                                      Type 'Exact<UserSelect<InternalArgs & { result: {}; model: {}; query: {}; client: {}; }> | null | undefined, UserSelect<InternalArgs & { result: {}; model: {}; query: {}; client: {}; }> | null | undefined>' is not assignable to type 'UserSelect<DefaultArgs> | null | undefined'.
                                        Type '{ organization?: Exact<boolean | OrganizationDefaultArgs<InternalArgs & { result: {}; model: {}; query: {}; client: {}; }> | undefined, boolean | OrganizationDefaultArgs<...> | undefined>; ... 10 more ...; lastLoginAt?: Exact<...>; }' is not assignable to type 'UserSelect<DefaultArgs>'.
                                          Types of property 'organization' are incompatible.
                                            Type 'Exact<boolean | OrganizationDefaultArgs<InternalArgs & { result: {}; model: {}; query: {}; client: {}; }> | undefined, boolean | OrganizationDefaultArgs<InternalArgs & { ...; }> | undefined>' is not assignable to type 'boolean | OrganizationDefaultArgs<DefaultArgs> | undefined'.
                                              Type '{ select?: Exact<OrganizationSelect<InternalArgs & { result: {}; model: {}; query: {}; client: {}; }> | null | undefined, OrganizationSelect<InternalArgs & { ...; }> | null | undefined>; include?: Exact<...>; }' is not assignable to type 'boolean | OrganizationDefaultArgs<DefaultArgs> | undefined'.
                                                Type '{ select?: Exact<OrganizationSelect<InternalArgs & { result: {}; model: {}; query: {}; client: {}; }> | null | undefined, OrganizationSelect<InternalArgs & { ...; }> | null | undefined>; include?: Exact<...>; }' is not assignable to type 'OrganizationDefaultArgs<DefaultArgs>'.
                                                  Types of property 'include' are incompatible.
                                                    Type 'Exact<OrganizationInclude<InternalArgs & { result: {}; model: {}; query: {}; client: {}; }> | null | undefined, OrganizationInclude<InternalArgs & { ...; }> | null | undefined>' is not assignable to type 'OrganizationInclude<DefaultArgs> | null | undefined'.
                                                      Type '{ users?: Exact<boolean | Organization$usersArgs<InternalArgs & { result: {}; model: {}; query: {}; client: {}; }> | undefined, boolean | Organization$usersArgs<InternalArgs & { ...; }> | undefined>; ... 5 more ...; _count?: Exact<...>; }' is not assignable to type 'OrganizationInclude<DefaultArgs>'.
                                                        Types of property 'clients' are incompatible.
                                                          Type 'Exact<boolean | Organization$clientsArgs<InternalArgs & { result: {}; model: {}; query: {}; client: {}; }> | undefined, boolean | Organization$clientsArgs<InternalArgs & { ...; }> | undefined>' is not assignable to type 'boolean | Organization$clientsArgs<DefaultArgs> | undefined'.
                                                            Type '{ select?: Exact<ClientSelect<InternalArgs & { result: {}; model: {}; query: {}; client: {}; }> | null | undefined, ClientSelect<InternalArgs & { result: {}; model: {}; query: {}; client: {}; }> | null | undefined>; ... 6 more ...; distinct?: Exact<...>; }' is not assignable to type 'boolean | Organization$clientsArgs<DefaultArgs> | undefined'.
                                                              Type '{ select?: Exact<ClientSelect<InternalArgs & { result: {}; model: {}; query: {}; client: {}; }> | null | undefined, ClientSelect<InternalArgs & { result: {}; model: {}; query: {}; client: {}; }> | null | undefined>; ... 6 more ...; distinct?: Exact<...>; }' is not assignable to type 'Organization$clientsArgs<DefaultArgs>'.
                                                                Types of property 'select' are incompatible.
                                                                  Type 'Exact<ClientSelect<InternalArgs & { result: {}; model: {}; query: {}; client: {}; }> | null | undefined, ClientSelect<InternalArgs & { result: {}; model: {}; query: {}; client: {}; }> | null | undefined>' is not assignable to type 'ClientSelect<DefaultArgs> | null | undefined'.
                                                                    Type '{ organization?: Exact<boolean | OrganizationDefaultArgs<InternalArgs & { result: {}; model: {}; query: {}; client: {}; }> | undefined, boolean | OrganizationDefaultArgs<...> | undefined>; ... 35 more ...; sociosQsa?: Exact<...>; }' is not assignable to type 'ClientSelect<DefaultArgs>'.
                                                                      Types of property 'projects' are incompatible.
                                                                        Type 'Exact<boolean | Client$projectsArgs<InternalArgs & { result: {}; model: {}; query: {}; client: {}; }> | undefined, boolean | Client$projectsArgs<InternalArgs & { ...; }> | undefined>' is not assignable to type 'boolean | Client$projectsArgs<DefaultArgs> | undefined'.
                                                                          Type '{ select?: Exact<ProjectSelect<InternalArgs & { result: {}; model: {}; query: {}; client: {}; }> | null | undefined, ProjectSelect<InternalArgs & { result: {}; model: {}; query: {}; client: {}; }> | null | undefined>; ... 6 more ...; distinct?: Exact<...>; }' is not assignable to type 'boolean | Client$projectsArgs<DefaultArgs> | undefined'.
                                                                            Type '{ select?: Exact<ProjectSelect<InternalArgs & { result: {}; model: {}; query: {}; client: {}; }> | null | undefined, ProjectSelect<InternalArgs & { result: {}; model: {}; query: {}; client: {}; }> | null | undefined>; ... 6 more ...; distinct?: Exact<...>; }' is not assignable to type 'Client$projectsArgs<DefaultArgs>'.
                                                                              Types of property 'select' are incompatible.
                                                                                Type 'Exact<ProjectSelect<InternalArgs & { result: {}; model: {}; query: {}; client: {}; }> | null | undefined, ProjectSelect<InternalArgs & { result: {}; model: {}; query: {}; client: {}; }> | null | undefined>' is not assignable to type 'ProjectSelect<DefaultArgs> | null | undefined'.
                                                                                  Type '{ organization?: Exact<boolean | OrganizationDefaultArgs<InternalArgs & { result: {}; model: {}; query: {}; client: {}; }> | undefined, boolean | OrganizationDefaultArgs<...> | undefined>; ... 23 more ...; lastEventAt?: Exact<...>; }' is not assignable to type 'ProjectSelect<DefaultArgs>'.
                                                                                    Types of property 'client' are incompatible.
                                                                                      Type 'Exact<boolean | Project$clientArgs<InternalArgs & { result: {}; model: {}; query: {}; client: {}; }> | undefined, boolean | Project$clientArgs<InternalArgs & { ...; }> | undefined>' is not assignable to type 'boolean | Project$clientArgs<DefaultArgs> | undefined'.
                                                                                        Type '{ select?: Exact<ClientSelect<InternalArgs & { result: {}; model: {}; query: {}; client: {}; }> | null | undefined, ClientSelect<InternalArgs & { result: {}; model: {}; query: {}; client: {}; }> | null | undefined>; include?: Exact<...>; where?: Exact<...>; }' is not assignable to type 'boolean | Project$clientArgs<DefaultArgs> | undefined'.
                                                                                          Type '{ select?: Exact<ClientSelect<InternalArgs & { result: {}; model: {}; query: {}; client: {}; }> | null | undefined, ClientSelect<InternalArgs & { result: {}; model: {}; query: {}; client: {}; }> | null | undefined>; include?: Exact<...>; where?: Exact<...>; }' is not assignable to type 'Project$clientArgs<DefaultArgs>'.
                                                                                            Types of property 'include' are incompatible.
                                                                                              Type 'Exact<ClientInclude<InternalArgs & { result: {}; model: {}; query: {}; client: {}; }> | null | undefined, ClientInclude<InternalArgs & { result: {}; model: {}; query: {}; client: {}; }> | null | undefined>' is not assignable to type 'ClientInclude<DefaultArgs> | null | undefined'.
                                                                                                Type '{ organization?: Exact<boolean | OrganizationDefaultArgs<InternalArgs & { result: {}; model: {}; query: {}; client: {}; }> | undefined, boolean | OrganizationDefaultArgs<...> | undefined>; ... 4 more ...; _count?: Exact<...>; }' is not assignable to type 'ClientInclude<DefaultArgs>'.
                                                                                                  Types of property 'cnaes' are incompatible.
                                                                                                    Type 'Exact<boolean | Client$cnaesArgs<InternalArgs & { result: {}; model: {}; query: {}; client: {}; }> | undefined, boolean | Client$cnaesArgs<InternalArgs & { ...; }> | undefined>' is not assignable to type 'boolean | Client$cnaesArgs<DefaultArgs> | undefined'.
                                                                                                      Type '{ select?: Exact<CnaeSelect<InternalArgs & { result: {}; model: {}; query: {}; client: {}; }> | null | undefined, CnaeSelect<InternalArgs & { result: {}; model: {}; query: {}; client: {}; }> | null | undefined>; ... 6 more ...; distinct?: Exact<...>; }' is not assignable to type 'boolean | Client$cnaesArgs<DefaultArgs> | undefined'.
                                                                                                        Type '{ select?: Exact<CnaeSelect<InternalArgs & { result: {}; model: {}; query: {}; client: {}; }> | null | undefined, CnaeSelect<InternalArgs & { result: {}; model: {}; query: {}; client: {}; }> | null | undefined>; ... 6 more ...; distinct?: Exact<...>; }' is not assignable to type 'Client$cnaesArgs<DefaultArgs>'.
                                                                                                          Types of property 'select' are incompatible.
                                                                                                            Type 'Exact<CnaeSelect<InternalArgs & { result: {}; model: {}; query: {}; client: {}; }> | null | undefined, CnaeSelect<InternalArgs & { result: {}; model: {}; query: {}; client: {}; }> | null | undefined>' is not assignable to type 'CnaeSelect<DefaultArgs> | null | undefined'.
                                                                                                              Type '{ client?: Exact<boolean | ClientDefaultArgs<InternalArgs & { result: {}; model: {}; query: {}; client: {}; }> | undefined, boolean | ClientDefaultArgs<InternalArgs & { ...; }> | undefined>; ... 6 more ...; displayOrder?: Exact<...>; }' is not assignable to type 'CnaeSelect<DefaultArgs>'.
                                                                                                                Types of property 'client' are incompatible.
                                                                                                                  Type 'Exact<boolean | ClientDefaultArgs<InternalArgs & { result: {}; model: {}; query: {}; client: {}; }> | undefined, boolean | ClientDefaultArgs<InternalArgs & { ...; }> | undefined>' is not assignable to type 'boolean | ClientDefaultArgs<DefaultArgs> | undefined'.
                                                                                                                    Type '{ select?: Exact<ClientSelect<InternalArgs & { result: {}; model: {}; query: {}; client: {}; }> | null | undefined, ClientSelect<InternalArgs & { result: {}; model: {}; query: {}; client: {}; }> | null | undefined>; include?: Exact<...>; }' is not assignable to type 'boolean | ClientDefaultArgs<DefaultArgs> | undefined'.
apps/api/src/workers/outbox.worker.ts(1,29): error TS2307: Cannot find module 'bullmq' or its corresponding type declarations.
apps/api/src/workers/outbox.worker.ts(237,31): error TS7006: Parameter 'job' implicitly has an 'any' type.
apps/api/src/workers/outbox.worker.ts(243,28): error TS7006: Parameter 'job' implicitly has an 'any' type.
apps/api/src/workers/outbox.worker.ts(243,33): error TS7006: Parameter 'err' implicitly has an 'any' type.
apps/api/src/workers/projection.worker.ts(1,29): error TS2307: Cannot find module 'bullmq' or its corresponding type declarations.
apps/api/src/workers/projection.worker.ts(42,34): error TS7006: Parameter 'job' implicitly has an 'any' type.
apps/api/src/workers/projection.worker.ts(46,31): error TS7006: Parameter 'job' implicitly has an 'any' type.
apps/api/src/workers/projection.worker.ts(46,36): error TS7006: Parameter 'err' implicitly has an 'any' type.
apps/api/src/workers/projection.worker.ts(62,36): error TS2551: Property 'rebuildProjectProjection' does not exist on type 'typeof EventStore'. Did you mean 'rebuildProjection'?
apps/api/src/workers/projection.worker.ts(103,32): error TS2353: Object literal may only specify known properties, and '_count' does not exist in type 'ProjectInclude<DefaultArgs>'.
apps/api/src/workers/projection.worker.ts(117,29): error TS2551: Property 'client' does not exist on type '{ id: string; createdAt: Date; updatedAt: Date; deletedAt: Date | null; organizationId: string; version: number; clientId: string | null; code: string; title: string; description: string; ... 12 more ...; lastEventAt: Date; }'. Did you mean 'clientId'?
apps/api/src/workers/projection.worker.ts(125,33): error TS2339: Property '_count' does not exist on type '{ id: string; createdAt: Date; updatedAt: Date; deletedAt: Date | null; organizationId: string; version: number; clientId: string | null; code: string; title: string; description: string; ... 12 more ...; lastEventAt: Date; }'.
apps/api/src/workers/projection.worker.ts(139,33): error TS2339: Property '_count' does not exist on type '{ id: string; createdAt: Date; updatedAt: Date; deletedAt: Date | null; organizationId: string; version: number; clientId: string | null; code: string; title: string; description: string; ... 12 more ...; lastEventAt: Date; }'.
apps/api/src/workers/queue.ts(98,18): error TS2339: Property 'auditLog' does not exist on type 'PrismaClient<{ log: ("warn" | "error")[]; }, never, DefaultArgs>'.
